// Jest Snapshot v1, https://goo.gl/fbAQLP

exports[`Film should render correctly 1`] = `
<div
  className="MuiGrid-root Film MuiGrid-item MuiGrid-grid-xs-12 MuiGrid-grid-sm-6 MuiGrid-grid-md-3"
>
  <div
    className="MuiPaper-root MuiCard-root MuiPaper-elevation8 MuiPaper-rounded"
  >
    <button
      className="MuiButtonBase-root MuiCardActionArea-root"
      disabled={false}
      onBlur={[Function]}
      onDragLeave={[Function]}
      onFocus={[Function]}
      onKeyDown={[Function]}
      onKeyUp={[Function]}
      onMouseDown={[Function]}
      onMouseLeave={[Function]}
      onMouseUp={[Function]}
      onTouchEnd={[Function]}
      onTouchMove={[Function]}
      onTouchStart={[Function]}
      tabIndex={0}
      type="button"
    >
      <div
        className="MuiCardMedia-root"
        style={
          Object {
            "backgroundImage": "url(\\"/assets/images/potemkine.jpg\\")",
            "height": 0,
            "paddingTop": "100%",
          }
        }
        title="Lorem"
      />
      <div
        className="MuiCardContent-root"
      >
        <h2
          className="MuiTypography-root MuiTypography-h5 MuiTypography-gutterBottom MuiTypography-alignLeft"
        >
          Lorem
        </h2>
        <h6
          className="MuiTypography-root MuiTypography-subtitle1 MuiTypography-alignLeft"
        >
          1912
        </h6>
        <p
          className="MuiTypography-root MuiTypography-body2 MuiTypography-colorTextSecondary MuiTypography-alignLeft"
        >
          Ipsum
        </p>
      </div>
      <span
        className="MuiCardActionArea-focusHighlight"
      />
    </button>
    <div
      className="MuiCardActions-root MuiCardActions-spacing"
    >
      <button
        className="MuiButtonBase-root MuiButton-root MuiButton-text MuiButton-textSizeSmall MuiButton-sizeSmall"
        disabled={false}
        onBlur={[Function]}
        onDragLeave={[Function]}
        onFocus={[Function]}
        onKeyDown={[Function]}
        onKeyUp={[Function]}
        onMouseDown={[Function]}
        onMouseLeave={[Function]}
        onMouseUp={[Function]}
        onTouchEnd={[Function]}
        onTouchMove={[Function]}
        onTouchStart={[Function]}
        style={
          Object {
            "color": "black",
          }
        }
        tabIndex={0}
        type="button"
      >
        <span
          className="MuiButton-label"
        >
          Buy
        </span>
      </button>
    </div>
  </div>
</div>
`;
